
Memory Configuration

Name             Origin             Length             Attributes
*default*        0x0000000000000000 0xffffffffffffffff

Linker script and memory map

TARGET(elf32-littlearm)
                0x0000000000008080                . = ((0x8000 + SIZEOF_HEADERS) + 0xc)

.text           0x0000000000008080      0xad4
 *(.text)
 .text          0x0000000000008080      0x400 tmp/arm.v4a-linux.elf-fold.o
                0x00000000000083d4                munmap
                0x0000000000008408                get_sys_munmap
                0x00000000000083bc                getpid
                0x00000000000083cc                readlink
                0x00000000000083f0                mmap
                0x00000000000083e4                __clear_cache
                0x0000000000008410                mmap_privanon
                0x000000000000839c                write
                0x0000000000008394                read
                0x00000000000083b4                unlink
                0x0000000000008388                my_bkpt
                0x0000000000008390                exit
                0x00000000000083c4                brk
                0x00000000000083a4                open
                0x0000000000008424                div10
                0x00000000000083dc                mprotect
                0x00000000000083ac                close
 .text          0x0000000000008480      0x6d4 tmp/arm.v4a-linux.elf-main.o
                0x00000000000084a0                get_page_mask
                0x0000000000008a14                upx_main
 *(.data)
 .data          0x0000000000008b54        0x0 tmp/arm.v4a-linux.elf-fold.o
 .data          0x0000000000008b54        0x0 tmp/arm.v4a-linux.elf-main.o

.data

.bss            0x0000000000008b54        0x0
 .bss           0x0000000000008b54        0x0 tmp/arm.v4a-linux.elf-fold.o
 .bss           0x0000000000008b54        0x0 tmp/arm.v4a-linux.elf-main.o
LOAD tmp/arm.v4a-linux.elf-fold.o
LOAD tmp/arm.v4a-linux.elf-main.o
OUTPUT(tmp/arm.v4a-linux.elf-fold.bin elf32-littlearm)
